// Jest Snapshot v1, https://goo.gl/fbAQLP

exports[`App component Is matches snapshot 1`] = `
<Fragment>
  <Connect(Component) />
  <Connect(Component) />
</Fragment>
`;
